###: -- Test case #1 -- Element's attributes
#01: Name	: Component 1.1.2.2	= Component 1.1.2.2
#02: Alias	: CMP2	= CMP2
#03: Tag	: Tag value for Component 1.1.2.2 = Tag value for Component 1.1.2.2
#03: Unknown Tag:
#04: Var-Name	: Component 1.1.2.2
#05: Var-Tag	: Tag value for Component 1.1.2.2
#06: Notes	: Some notes about <b>Component 1.1.2.2</b> component to highlight:
<ol>
	<li><i>Text formatting</i></li>
	<li><font color="#ff0000">Different paragraph types </font></li>
</ol>
#07: Some notes about Component 1.1.2.2  
#07: component to highlight:             
#07:                                     
#07: 	1. Text formatting                 
#07: 	2. Different paragraph types       

#08: Some notes about Component 1.1.2.2 component to highlight:	1. Text formatting	2. Different paragraph types 

###: -- Test case #2 -- Parent's attributes
#11: Name	: Component 1.1.2.1
#12: Alias	: CMP1
#13: Tag  	: Tag value for Component 1.1.2.1
#14: Var-Name	: Component 1.1.2.1
#15: Var-Tag	: Tag value for Component 1.1.2.1

###: -- Test case #3 -- Package's attributes
#21: Name	: Component 1.1.2
#22: Alias	: PCKG2
#23: Tag	: Tag Value for Component 1.1.2
#14: Var-Name	: Component 1.1.2
#15: Var-Tag	: Tag Value for Component 1.1.2
