Test branching macros, ( and or ) conditons, nested ifs
		Test 01 : PASS
		Test 02 : PASS
		Test 03 : PASS
		Test 04 : PASS
		Test 05 : PASS
		Test 06 : PASS
		Test 07 : PASS
		Test 08 : PASS
		Test 09 : PASS

		Test 10 : PASS

		Test 11 : PASS

		Test 12 : PASS

		Test 13 : PASS


		Test 14 : PASS


		Test 15 : PASS
