################################################################################
Case#1: List all elements from "List Demo" package
################################################################################
Name		:Activity1
ElementID	:22
Type		:Activity
Subtype		:0
Stereotype	:
ElementGUID	:{A2F9593A-7787-4442-8EBD-76B83BD74828}
--------------------------------------------------------------------------------
Name		:Activity2
ElementID	:23
Type		:Activity
Subtype		:0
Stereotype	:
ElementGUID	:{269B71BA-E656-4d60-AC64-5943EEA635E1}
--------------------------------------------------------------------------------
Name		:Activity3
ElementID	:24
Type		:Activity
Subtype		:0
Stereotype	:
ElementGUID	:{9A86145D-1478-4cbf-B67E-EC54C029B665}
--------------------------------------------------------------------------------
Name		:Procedure1
ElementID	:1547
Type		:Class
Subtype		:0
Stereotype	:procedure
ElementGUID	:{93C85029-ED09-4f21-BBC1-6D21F6EA8A19}
--------------------------------------------------------------------------------
Name		:
ElementID	:30
Type		:Text
Subtype		:76
Stereotype	:
ElementGUID	:{A02C4A24-8906-4d94-A5E7-8EAE6B61EAED}
--------------------------------------------------------------------------------
Name		:
ElementID	:25
Type		:Text
Subtype		:76
Stereotype	:
ElementGUID	:{D4256345-C948-4b26-BE04-5F0AC79DE1FB}
--------------------------------------------------------------------------------

################################################################################
Case#2: List all packages from "List Demo" package
################################################################################
Name		:Database1
ElementID	:26
Type		:Package
Subtype		:0
Stereotype	:
ElementGUID	:{32567EDC-4C2A-404f-8402-4F963B7A2E30}
--------------------------------------------------------------------------------
Name		:Database2
ElementID	:27
Type		:Package
Subtype		:0
Stereotype	:
ElementGUID	:{6A08487F-07EF-4222-B292-ED748348EB2A}
--------------------------------------------------------------------------------
Name		:Database3
ElementID	:28
Type		:Package
Subtype		:0
Stereotype	:
ElementGUID	:{874EB917-1AA2-42d4-BBB0-0F8DA33D500E}
--------------------------------------------------------------------------------
Name		:Database4
ElementID	:29
Type		:Package
Subtype		:0
Stereotype	:
ElementGUID	:{620076DF-A5ED-41ff-8D06-CBB8C18373B7}
--------------------------------------------------------------------------------

################################################################################
Case#3: List all connectors attached to element "Activity2"
################################################################################
> Processing element# 1 out of 4
Name		:V4->A2
ConnectorID	:10
Type		:Dependency
Subtype		:
Stereotype	:
ConnectorGUID	:{5A152596-F65E-487c-B01B-F316943BDA6E}
--------------------------------------------------------------------------------

> Processing element# 2 out of 4
Name		:A2 -> V5
ConnectorID	:11
Type		:Dependency
Subtype		:
Stereotype	:
ConnectorGUID	:{058560F9-0A04-4b7f-BFF8-8EB987238326}
--------------------------------------------------------------------------------

> Processing element# 3 out of 4
Name		:A1 -> A2
ConnectorID	:18
Type		:ControlFlow
Subtype		:
Stereotype	:JobDependency
ConnectorGUID	:{F56AF750-1A59-49fa-A7A8-6FAD027BBAEE}
--------------------------------------------------------------------------------

> Processing element# 4 out of 4
Name		:A2->A3
ConnectorID	:19
Type		:ControlFlow
Subtype		:
Stereotype	:
ConnectorGUID	:{72918668-E59C-4c00-98C7-0A8C58BDA391}
--------------------------------------------------------------------------------


################################################################################
Case#4: List all "Dependency" connectors attached to element "Activity2"
################################################################################
> Processing element# 1 out of 2
Name		:V4->A2
ConnectorID	:10
Type		:Dependency
Subtype		:
Stereotype	:
ConnectorGUID	:{5A152596-F65E-487c-B01B-F316943BDA6E}
--------------------------------------------------------------------------------

> Processing element# 2 out of 2
Name		:A2 -> V5
ConnectorID	:11
Type		:Dependency
Subtype		:
Stereotype	:
ConnectorGUID	:{058560F9-0A04-4b7f-BFF8-8EB987238326}
--------------------------------------------------------------------------------


################################################################################
Case#5: List all connectors attached to element "Activity2"
################################################################################
################################################################################
Name			:V4->A2
ConnectorID		:10
Type			:Dependency
Subtype			:
Stereotype		:
ConnectorGUID		:{5A152596-F65E-487c-B01B-F316943BDA6E}
Tag Value		:ON_ICE
--------------------------------------------------------------------------------
Source Role properties
--------------------------------------------------------------------------------
Aggregation		:0
Alias			:
AllowDuplicates		:false
Cardinality		:
Constraint		:
Containment		:Unspecified
Derived			:false
DerivedUnion		:false
End			:Client
IsChangeable		:none
IsNavigable		:false
Navigable		:Non-Navigable
ObjectType		:otConnectorEnd
Ordering		:0
OwnedByClassifier	:false
Qualifier		:
Role			:
RoleNote		:
RoleType		:
Stereotype		:
StereotypeEx		:
Visibility		:Public
--------------------------------------------------------------------------------
Target Role properties
--------------------------------------------------------------------------------
Aggregation		:0
Alias			:
AllowDuplicates		:false
Cardinality		:
Constraint		:
Containment		:Unspecified
Derived			:false
DerivedUnion		:false
End			:Supplier
IsChangeable		:none
IsNavigable		:true
Navigable		:Navigable
ObjectType		:otConnectorEnd
Ordering		:0
OwnedByClassifier	:false
Qualifier		:
Role			:
RoleNote		:
RoleType		:
Stereotype		:
StereotypeEx		:
Visibility		:

################################################################################
Name			:A2 -> V5
ConnectorID		:11
Type			:Dependency
Subtype			:
Stereotype		:
ConnectorGUID		:{058560F9-0A04-4b7f-BFF8-8EB987238326}
Tag Value		:
--------------------------------------------------------------------------------
Source Role properties
--------------------------------------------------------------------------------
Aggregation		:0
Alias			:A2R
AllowDuplicates		:false
Cardinality		:1
Constraint		:
Containment		:Unspecified
Derived			:false
DerivedUnion		:false
End			:Client
IsChangeable		:none
IsNavigable		:false
Navigable		:Non-Navigable
ObjectType		:otConnectorEnd
Ordering		:0
OwnedByClassifier	:false
Qualifier		:
Role			:Activity2 Role
RoleNote		:
RoleType		:
Stereotype		:Updates
StereotypeEx		:
Visibility		:Public
--------------------------------------------------------------------------------
Target Role properties
--------------------------------------------------------------------------------
Aggregation		:2
Alias			:V5R
AllowDuplicates		:false
Cardinality		:
Constraint		:
Containment		:Unspecified
Derived			:false
DerivedUnion		:false
End			:Supplier
IsChangeable		:none
IsNavigable		:false
Navigable		:Unspecified
ObjectType		:otConnectorEnd
Ordering		:0
OwnedByClassifier	:false
Qualifier		:
Role			:View5 Role
RoleNote		:
RoleType		:
Stereotype		:Updated
StereotypeEx		:
Visibility		:

################################################################################
Name			:A1 -> A2
ConnectorID		:18
Type			:ControlFlow
Subtype			:
Stereotype		:JobDependency
ConnectorGUID		:{F56AF750-1A59-49fa-A7A8-6FAD027BBAEE}
Tag Value		:
--------------------------------------------------------------------------------
Source Role properties
--------------------------------------------------------------------------------
Aggregation		:0
Alias			:
AllowDuplicates		:false
Cardinality		:
Constraint		:
Containment		:Unspecified
Derived			:false
DerivedUnion		:false
End			:Client
IsChangeable		:none
IsNavigable		:false
Navigable		:
ObjectType		:otConnectorEnd
Ordering		:0
OwnedByClassifier	:false
Qualifier		:
Role			:
RoleNote		:
RoleType		:
Stereotype		:
StereotypeEx		:
Visibility		:Public
--------------------------------------------------------------------------------
Target Role properties
--------------------------------------------------------------------------------
Aggregation		:0
Alias			:
AllowDuplicates		:false
Cardinality		:
Constraint		:
Containment		:Unspecified
Derived			:false
DerivedUnion		:false
End			:Supplier
IsChangeable		:none
IsNavigable		:false
Navigable		:
ObjectType		:otConnectorEnd
Ordering		:0
OwnedByClassifier	:false
Qualifier		:
Role			:
RoleNote		:
RoleType		:
Stereotype		:
StereotypeEx		:
Visibility		:

################################################################################
Name			:A2->A3
ConnectorID		:19
Type			:ControlFlow
Subtype			:
Stereotype		:
ConnectorGUID		:{72918668-E59C-4c00-98C7-0A8C58BDA391}
Tag Value		:
--------------------------------------------------------------------------------
Source Role properties
--------------------------------------------------------------------------------
Aggregation		:0
Alias			:
AllowDuplicates		:false
Cardinality		:
Constraint		:
Containment		:Unspecified
Derived			:false
DerivedUnion		:false
End			:Client
IsChangeable		:none
IsNavigable		:false
Navigable		:
ObjectType		:otConnectorEnd
Ordering		:0
OwnedByClassifier	:false
Qualifier		:
Role			:
RoleNote		:
RoleType		:
Stereotype		:
StereotypeEx		:
Visibility		:Public
--------------------------------------------------------------------------------
Target Role properties
--------------------------------------------------------------------------------
Aggregation		:0
Alias			:
AllowDuplicates		:false
Cardinality		:
Constraint		:
Containment		:Unspecified
Derived			:false
DerivedUnion		:false
End			:Supplier
IsChangeable		:none
IsNavigable		:false
Navigable		:
ObjectType		:otConnectorEnd
Ordering		:0
OwnedByClassifier	:false
Qualifier		:
Role			:
RoleNote		:
RoleType		:
Stereotype		:
StereotypeEx		:
Visibility		:


################################################################################
Case#6: List all connectors attached to element "Activity2"
        Exit after the first element
################################################################################
> Processing element# 1 out of 4
Name		:V4->A2
ConnectorID	:10
Type		:Dependency
Subtype		:
Stereotype	:
ConnectorGUID	:{5A152596-F65E-487c-B01B-F316943BDA6E}
--------------------------------------------------------------------------------
> Stop processing on element# 1

> Processing element# 2 out of 4
Name		:A2 -> V5
ConnectorID	:11
Type		:Dependency
Subtype		:
Stereotype	:
ConnectorGUID	:{058560F9-0A04-4b7f-BFF8-8EB987238326}
--------------------------------------------------------------------------------

> Processing element# 3 out of 4
Name		:A1 -> A2
ConnectorID	:18
Type		:ControlFlow
Subtype		:
Stereotype	:JobDependency
ConnectorGUID	:{F56AF750-1A59-49fa-A7A8-6FAD027BBAEE}
--------------------------------------------------------------------------------

> Processing element# 4 out of 4
Name		:A2->A3
ConnectorID	:19
Type		:ControlFlow
Subtype		:
Stereotype	:
ConnectorGUID	:{72918668-E59C-4c00-98C7-0A8C58BDA391}
--------------------------------------------------------------------------------


################################################################################
Case#7: List all connectors attached to element "Activity2"
        Exit loop after the first element
################################################################################
> Processing element# 1 out of 4
Name		:V4->A2
ConnectorID	:10
Type		:Dependency
Subtype		:
Stereotype	:
ConnectorGUID	:{5A152596-F65E-487c-B01B-F316943BDA6E}
--------------------------------------------------------------------------------
> Stop processing on element# 1

