-- Test #01 ------------------------------------------------
> (1-3)[aaa]
> (2-3)[bbb]
> (3-3)[ccc]
-- Test #02 ------------------------------------------------
> (1-3)[aaa]=> (2-3)[bbb]=> (3-3)[ccc]
-- Test #03 ------------------------------------------------
> (1-3)[aaa]
> (2-3)[bbb]
> (3-3)[ccc]
-- Test #04 ------------------------------------------------
> (1-3)[aaa]	> (2-3)[bbb]	> (3-3)[ccc]
-- Test #05 ------------------------------------------------
> (1-3)[aaa]
> (2-3)[bbb]
> (3-3)[ccc]
-- Test #06 ------------------------------------------------
> (1-3)[aaa]
-- Test #07 ------------------------------------------------
var = > (1-3)[aaa]
-- Test #08 ------------------------------------------------
> (3-3)[ccc]
